2026-08-14 05:14:58 +0000 [MT] Initial pipeline context: <IDEDistributionProcessingPipelineContext: 0x923658300; archive(resolved)="<IDEArchive: 0x923440150>", distributionTask(resolved)="2", distributionDestination(resolved)="1", distributionMethod(resolved)="<IDEDistributionMethodiOSAppStoreDistribution: 0x92588b530>", team(resolved)="<IDEProvisioningBasicTeam: 0x925db4ae0; teamID='DHLAYBVJ2Z', teamName='(null)'>">
	Chain (15, self inclusive):
	<IDEDistributionProcessingPipelineContext: 0x923658300; archive = "<IDEArchive: 0x923440150>", distributionMethod="<IDEDistributionMethodiOSAppStoreDistribution: 0x92588b530>", team="<IDEProvisioningBasicTeam: 0x925db4ae0; teamID='DHLAYBVJ2Z', teamName='(null)'>">
	<IDEDistributionProcessingPipelineContext: 0x923658600; archive = "<IDEArchive: 0x923440150>", distributionMethod="<IDEDistributionMethodiOSAppStoreDistribution: 0x92588b530>", team="<IDEProvisioningBasicTeam: 0x925db4ae0; teamID='DHLAYBVJ2Z', teamName='(null)'>">
	<IDEDistributionContext: 0x925d22f80; archive = "<IDEArchive: 0x923440150>", distributionMethod="<IDEDistributionMethodiOSAppStoreDistribution: 0x92588b530>", team="<IDEProvisioningBasicTeam: 0x925db4ae0; teamID='DHLAYBVJ2Z', teamName='(null)'>">
	<IDEDistributionContext: 0x925d22d00; archive = "<IDEArchive: 0x923440150>", distributionMethod="<IDEDistributionMethodiOSAppStoreDistribution: 0x92588b530>", team="<IDEProvisioningBasicTeam: 0x925db4ae0; teamID='DHLAYBVJ2Z', teamName='(null)'>">
	<IDEDistributionContext: 0x925d22a80; archive = "<IDEArchive: 0x923440150>", distributionMethod="<IDEDistributionMethodiOSAppStoreDistribution: 0x92588b530>", team="<IDEProvisioningBasicTeam: 0x925db4ae0; teamID='DHLAYBVJ2Z', teamName='(null)'>">
	<IDEDistributionContext: 0x925d22800; archive = "<IDEArchive: 0x923440150>", distributionMethod="<IDEDistributionMethodiOSAppStoreDistribution: 0x92588b530>", team="<IDEProvisioningBasicTeam: 0x925db4ae0; teamID='DHLAYBVJ2Z', teamName='(null)'>">
	<IDEDistributionContext: 0x925d22580; archive = "<IDEArchive: 0x923440150>", distributionMethod="<IDEDistributionMethodiOSAppStoreDistribution: 0x92588b530>", team="<IDEProvisioningBasicTeam: 0x925db4ae0; teamID='DHLAYBVJ2Z', teamName='(null)'>">
	<IDEDistributionContext: 0x925d22300; archive = "<IDEArchive: 0x923440150>", distributionMethod="<IDEDistributionMethodiOSAppStoreDistribution: 0x92588b530>", team="<IDEProvisioningBasicTeam: 0x925db4ae0; teamID='DHLAYBVJ2Z', teamName='(null)'>">
	<IDEDistributionContext: 0x925d22080; archive = "<IDEArchive: 0x923440150>", distributionMethod="<IDEDistributionMethodiOSAppStoreDistribution: 0x92588b530>", team="<IDEProvisioningBasicTeam: 0x925db4ae0; teamID='DHLAYBVJ2Z', teamName='(null)'>">
	<IDEDistributionContext: 0x925d21180; archive = "<IDEArchive: 0x923440150>", distributionMethod="<IDEDistributionMethodiOSAppStoreDistribution: 0x92588b530>", team="<IDEProvisioningBasicTeam: 0x925db4ae0; teamID='DHLAYBVJ2Z', teamName='(null)'>">
	<IDEDistributionContext: 0x925d20f00; archive = "<IDEArchive: 0x923440150>", distributionMethod="<IDEDistributionMethodiOSAppStoreDistribution: 0x92588b530>", team="<IDEProvisioningBasicTeam: 0x925db4ae0; teamID='DHLAYBVJ2Z', teamName='(null)'>">
	<IDEDistributionContext: 0x925d20780; archive = "<IDEArchive: 0x923440150>", distributionMethod="<IDEDistributionMethodiOSAppStoreDistribution: 0x92588b530>", team="<IDEProvisioningBasicTeam: 0x925db4ae0; teamID='DHLAYBVJ2Z', teamName='(null)'>">
	<IDEDistributionContext: 0x925d20500; archive = "<IDEArchive: 0x923440150>", distributionMethod="<IDEDistributionMethodiOSAppStoreDistribution: 0x92588b530>", team="(null)">
	<IDEDistributionContext: 0x925d20000; archive = "<IDEArchive: 0x923440150>", distributionMethod="<IDEDistributionMethodiOSAppStoreDistribution: 0x92588b530>", team="(null)">
	<IDEDistributionContext: 0x102d235d0; archive = "<IDEArchive: 0x923440150>", distributionMethod="(null)", team="(null)">
</IDEDistributionProcessingPipelineContext: 0x923658300>
2026-08-14 05:14:58 +0000 [MT] Processing step: IDEDistributionCreateDestRootStep
2026-08-14 05:14:58 +0000 [MT] Processing step: IDEDistributionCopyItemStep
2026-08-14 05:14:58 +0000 [MT] Running /usr/bin/ditto '-V' '/Users/jose/Progrmação e Apps/GitHub/radio_luzia/AppStore/Archive/RadioSantaLuzia-1.0-1.xcarchive/Products/Applications/RadioLuzia.app' '/var/folders/0d/zg3c_wc11h19ct5y1zmq_8f40000gn/T/XcodeDistPipeline.~~~FA2LN4/Root/Payload/RadioLuzia.app'
2026-08-14 05:14:58 +0000  >>> Copying /Users/jose/Progrmação e Apps/GitHub/radio_luzia/AppStore/Archive/RadioSantaLuzia-1.0-1.xcarchive/Products/Applications/RadioLuzia.app 
2026-08-14 05:14:58 +0000  copying file ./_CodeSignature/CodeResources ... 
2026-08-14 05:14:58 +0000  3003 bytes for ./_CodeSignature/CodeResources
2026-08-14 05:14:58 +0000  copying file ./AppIcon60x60@2x.png ... 
2026-08-14 05:14:58 +0000  40498 bytes for ./AppIcon60x60@2x.png
2026-08-14 05:14:58 +0000  copying file ./RadioLuzia ... 
2026-08-14 05:14:58 +0000  558176 bytes for ./RadioLuzia
2026-08-14 05:14:58 +0000  copying file ./Assets.car ... 
2026-08-14 05:14:58 +0000  8331912 bytes for ./Assets.car
2026-08-14 05:14:58 +0000  copying file ./AppIcon76x76@2x~ipad.png ... 
62812 bytes for ./AppIcon76x76@2x~ipad.png
copying file ./PrivacyInfo.xcprivacy ... 
598 bytes for ./PrivacyInfo.xcprivacy
copying file ./embedded.mobileprovision ... 
2026-08-14 05:14:58 +0000  12295 bytes for ./embedded.mobileprovision
2026-08-14 05:14:58 +0000  copying file ./Info.plist ... 
2026-08-14 05:14:58 +0000  1609 bytes for ./Info.plist
2026-08-14 05:14:58 +0000  copying file ./PkgInfo ... 
2026-08-14 05:14:58 +0000  8 bytes for ./PkgInfo
2026-08-14 05:14:58 +0000 [MT] /usr/bin/ditto exited with 0
2026-08-14 05:14:58 +0000 [MT] Processing step: IDEDistributionEmbedProfileStep
2026-08-14 05:14:58 +0000 [MT] Processing step: IDEDistributionInfoPlistStep
2026-08-14 05:14:58 +0000 [MT] Skipping setting DTXcodeBuildDistribution because toolsBuildVersionName was nil.
2026-08-14 05:14:58 +0000 [MT] Processing step: IDEDistributionItemRemovalStep
2026-08-14 05:14:58 +0000 [MT] Processing step: IDEDistributionAppThinningPlistStep
2026-08-14 05:14:58 +0000 [MT] Skipping step: IDEDistributionAppThinningPlistStep because it said so
2026-08-14 05:14:58 +0000 [MT] Processing step: IDEDistributionSymbolsStep
2026-08-14 05:14:58 +0000 [MT] Writing /var/folders/0d/zg3c_wc11h19ct5y1zmq_8f40000gn/T/XcodeDistPipeline.~~~FA2LN4/Symbols/ECF3456F-9D24-3F5B-B903-5D61DC71A89A.symbols
2026-08-14 05:14:58 +0000 [MT] Processing step: IDEDistributionCopyAppleProvidedContentStep
2026-08-14 05:14:58 +0000 [MT] Processing step: IDEDistributionAppThinningStep
2026-08-14 05:14:58 +0000 [MT] Skipping step: IDEDistributionAppThinningStep because it said so
2026-08-14 05:14:58 +0000 [MT] Processing step: IDEDistributionArchThinningStep
2026-08-14 05:14:58 +0000 [MT] Archs to thin for item /Users/jose/Progrmação e Apps/GitHub/radio_luzia/AppStore/Archive/RadioSantaLuzia-1.0-1.xcarchive/Products/Applications/RadioLuzia.app are []
2026-08-14 05:14:58 +0000 [MT] Processing step: IDEDistributionODRStep
2026-08-14 05:14:58 +0000 [MT] Processing step: IDEDistributionStripXattrsStep
2026-08-14 05:14:58 +0000 [MT] Skipping stripping extended attributes because the codesign step will strip them.
2026-08-14 05:14:58 +0000 [MT] Processing step: IDEDistributionCodesignStep
2026-08-14 05:14:58 +0000 [MT] Entitlements for <IDEDistributionItem: 0x925c8bea0; bundleID='br.com.cloudbrapp.radioluzia', path='<DVTFilePath:0x925c89f80:'/Users/jose/Progrmação e Apps/GitHub/radio_luzia/AppStore/Archive/RadioSantaLuzia-1.0-1.xcarchive/Products/Applications/RadioLuzia.app'>', codeSigningInfo='<_DVTCodeSigningInformation_Path: 0x925c8bf00; isSigned='1', isAdHocSigned='0', signingCertificate='<DVTSigningCertificate: 0x925d15140; name='Apple Development: José Maeldon Silva (N3QZ233U8S)', hash='DAECBF75541B9E2867C6C9BB52186E1E98FEC023', serialNumber='380194B8C900A9F2C4BE67310BF1CA7D', certificateKinds='(
    "1.2.840.113635.100.6.1.12",
    "1.2.840.113635.100.6.1.2"
), issueDate='2026-08-07 17:01:49 +0000''>', entitlements='{
    "application-identifier" = "DHLAYBVJ2Z.br.com.cloudbrapp.radioluzia";
    "com.apple.developer.team-identifier" = DHLAYBVJ2Z;
    "get-task-allow" = 1;
}', teamID='DHLAYBVJ2Z', identifier='br.com.cloudbrapp.radioluzia', executablePath='<DVTFilePath:0x925c8b2a0:'/Users/jose/Progrmação e Apps/GitHub/radio_luzia/AppStore/Archive/RadioSantaLuzia-1.0-1.xcarchive/Products/Applications/RadioLuzia.app/RadioLuzia'>', hardenedRuntime='0'>'>: {
    "application-identifier" = "DHLAYBVJ2Z.br.com.cloudbrapp.radioluzia";
    "beta-reports-active" = 1;
    "com.apple.developer.team-identifier" = DHLAYBVJ2Z;
    "get-task-allow" = 0;
}
2026-08-14 05:14:58 +0000 [MT] Associated App Clip Identifiers Filter: Skipping because "com.apple.developer.associated-appclip-app-identifiers" is not present
2026-08-14 05:14:58 +0000 [MT] Entitlements for <IDEDistributionItem: 0x925c8bea0; bundleID='br.com.cloudbrapp.radioluzia', path='<DVTFilePath:0x925c89f80:'/Users/jose/Progrmação e Apps/GitHub/radio_luzia/AppStore/Archive/RadioSantaLuzia-1.0-1.xcarchive/Products/Applications/RadioLuzia.app'>', codeSigningInfo='<_DVTCodeSigningInformation_Path: 0x925c8bf00; isSigned='1', isAdHocSigned='0', signingCertificate='<DVTSigningCertificate: 0x925d14000; name='Apple Development: José Maeldon Silva (N3QZ233U8S)', hash='DAECBF75541B9E2867C6C9BB52186E1E98FEC023', serialNumber='380194B8C900A9F2C4BE67310BF1CA7D', certificateKinds='(
    "1.2.840.113635.100.6.1.12",
    "1.2.840.113635.100.6.1.2"
), issueDate='2026-08-07 17:01:49 +0000''>', entitlements='{
    "application-identifier" = "DHLAYBVJ2Z.br.com.cloudbrapp.radioluzia";
    "com.apple.developer.team-identifier" = DHLAYBVJ2Z;
    "get-task-allow" = 1;
}', teamID='DHLAYBVJ2Z', identifier='br.com.cloudbrapp.radioluzia', executablePath='<DVTFilePath:0x925c8b2a0:'/Users/jose/Progrmação e Apps/GitHub/radio_luzia/AppStore/Archive/RadioSantaLuzia-1.0-1.xcarchive/Products/Applications/RadioLuzia.app/RadioLuzia'>', hardenedRuntime='0'>'> are: {
    "application-identifier" = "DHLAYBVJ2Z.br.com.cloudbrapp.radioluzia";
    "beta-reports-active" = 1;
    "com.apple.developer.team-identifier" = DHLAYBVJ2Z;
    "get-task-allow" = 0;
}
2026-08-14 05:14:58 +0000 [MT] Writing entitlements for <IDEDistributionItem: 0x925c8bea0; bundleID='br.com.cloudbrapp.radioluzia', path='<DVTFilePath:0x925c89f80:'/Users/jose/Progrmação e Apps/GitHub/radio_luzia/AppStore/Archive/RadioSantaLuzia-1.0-1.xcarchive/Products/Applications/RadioLuzia.app'>', codeSigningInfo='<_DVTCodeSigningInformation_Path: 0x925c8bf00; isSigned='1', isAdHocSigned='0', signingCertificate='<DVTSigningCertificate: 0x925d14000; name='Apple Development: José Maeldon Silva (N3QZ233U8S)', hash='DAECBF75541B9E2867C6C9BB52186E1E98FEC023', serialNumber='380194B8C900A9F2C4BE67310BF1CA7D', certificateKinds='(
    "1.2.840.113635.100.6.1.12",
    "1.2.840.113635.100.6.1.2"
), issueDate='2026-08-07 17:01:49 +0000''>', entitlements='{
    "application-identifier" = "DHLAYBVJ2Z.br.com.cloudbrapp.radioluzia";
    "com.apple.developer.team-identifier" = DHLAYBVJ2Z;
    "get-task-allow" = 1;
}', teamID='DHLAYBVJ2Z', identifier='br.com.cloudbrapp.radioluzia', executablePath='<DVTFilePath:0x925c8b2a0:'/Users/jose/Progrmação e Apps/GitHub/radio_luzia/AppStore/Archive/RadioSantaLuzia-1.0-1.xcarchive/Products/Applications/RadioLuzia.app/RadioLuzia'>', hardenedRuntime='0'>'> to: /var/folders/0d/zg3c_wc11h19ct5y1zmq_8f40000gn/T/XcodeDistPipeline.~~~FA2LN4/entitlements~~~3u337t
2026-08-14 05:14:58 +0000 [MT] invoking codesign: <NSConcreteTask: 0x9237fba20; launchPath='/usr/bin/codesign', arguments='(
    "-f",
    "-s",
    110A9D78927CA4719FA1E9F49426A2596B602210,
    "--entitlements",
    "/var/folders/0d/zg3c_wc11h19ct5y1zmq_8f40000gn/T/XcodeDistPipeline.~~~FA2LN4/entitlements~~~3u337t",
    "--preserve-metadata=identifier,flags,runtime,launch-constraints,library-constraints",
    "--generate-entitlement-der",
    "--strip-disallowed-xattrs",
    "-vvv",
    "/var/folders/0d/zg3c_wc11h19ct5y1zmq_8f40000gn/T/XcodeDistPipeline.~~~FA2LN4/Root/Payload/RadioLuzia.app"
)'>
2026-08-14 05:14:58 +0000 [MT] codesign output: /var/folders/0d/zg3c_wc11h19ct5y1zmq_8f40000gn/T/XcodeDistPipeline.~~~FA2LN4/Root/Payload/RadioLuzia.app: replacing existing signature
/var/folders/0d/zg3c_wc11h19ct5y1zmq_8f40000gn/T/XcodeDistPipeline.~~~FA2LN4/Root/Payload/RadioLuzia.app: signed app bundle with Mach-O thin (arm64) [br.com.cloudbrapp.radioluzia]
2026-08-14 05:14:58 +0000 [MT] Processing step: IDEDistributionZipODRItemStep
2026-08-14 05:14:58 +0000 [MT] Skipping step: IDEDistributionZipODRItemStep because it said so
2026-08-14 05:14:58 +0000 [MT] Processing step: IDEDistributionCreateIPAStep
2026-08-14 05:14:58 +0000 [MT] Running /usr/bin/rsync '-8aPhhE' '/var/folders/0d/zg3c_wc11h19ct5y1zmq_8f40000gn/T/XcodeDistPipeline.~~~FA2LN4/Symbols' '--link-dest' '/var/folders/0d/zg3c_wc11h19ct5y1zmq_8f40000gn/T/XcodeDistPipeline.~~~FA2LN4' '/var/folders/0d/zg3c_wc11h19ct5y1zmq_8f40000gn/T/XcodeDistPipeline.~~~FA2LN4/Root'
2026-08-14 05:14:58 +0000  Symbols/
._Symbols
            163 170%    3.45MB/s   00:00:00 (xfer#1, to-check=0/4)
2026-08-14 05:14:58 +0000  Symbols/ECF3456F-9D24-3F5B-B903-5D61DC71A89A.symbols
Symbols/._ECF3456F-9D24-3F5B-B903-5D61DC71A89A.symbols
            163   0%  390.21KB/s   00:00:00 (xfer#2, to-check=2/4)
2026-08-14 05:14:58 +0000 [MT] /usr/bin/rsync exited with 0
2026-08-14 05:14:58 +0000 [MT] Running /usr/bin/ditto '-V' '-c' '-k' '--norsrc' '/var/folders/0d/zg3c_wc11h19ct5y1zmq_8f40000gn/T/XcodeDistPipeline.~~~FA2LN4/Root' '/var/folders/0d/zg3c_wc11h19ct5y1zmq_8f40000gn/T/XcodeDistPipeline.~~~FA2LN4/Packages/RadioLuzia.ipa'
2026-08-14 05:14:58 +0000  >>> Copying /var/folders/0d/zg3c_wc11h19ct5y1zmq_8f40000gn/T/XcodeDistPipeline.~~~FA2LN4/Root 
2026-08-14 05:14:58 +0000  copying file ./Payload/RadioLuzia.app/_CodeSignature/CodeResources ... 
2026-08-14 05:14:58 +0000  3003 bytes for ./Payload/RadioLuzia.app/_CodeSignature/CodeResources
2026-08-14 05:14:58 +0000  copying file ./Payload/RadioLuzia.app/AppIcon60x60@2x.png ... 
2026-08-14 05:14:58 +0000  40498 bytes for ./Payload/RadioLuzia.app/AppIcon60x60@2x.png
2026-08-14 05:14:58 +0000  copying file ./Payload/RadioLuzia.app/RadioLuzia ... 
2026-08-14 05:14:58 +0000  558272 bytes for ./Payload/RadioLuzia.app/RadioLuzia
2026-08-14 05:14:58 +0000  copying file ./Payload/RadioLuzia.app/Assets.car ... 
2026-08-14 05:14:59 +0000  8331912 bytes for ./Payload/RadioLuzia.app/Assets.car
2026-08-14 05:14:59 +0000  copying file ./Payload/RadioLuzia.app/AppIcon76x76@2x~ipad.png ... 
2026-08-14 05:14:59 +0000  62812 bytes for ./Payload/RadioLuzia.app/AppIcon76x76@2x~ipad.png
2026-08-14 05:14:59 +0000  copying file ./Payload/RadioLuzia.app/PrivacyInfo.xcprivacy ... 
2026-08-14 05:14:59 +0000  598 bytes for ./Payload/RadioLuzia.app/PrivacyInfo.xcprivacy
2026-08-14 05:14:59 +0000  copying file ./Payload/RadioLuzia.app/embedded.mobileprovision ... 
2026-08-14 05:14:59 +0000  15672 bytes for ./Payload/RadioLuzia.app/embedded.mobileprovision
2026-08-14 05:14:59 +0000  copying file ./Payload/RadioLuzia.app/Info.plist ... 
2026-08-14 05:14:59 +0000  1609 bytes for ./Payload/RadioLuzia.app/Info.plist
2026-08-14 05:14:59 +0000  copying file ./Payload/RadioLuzia.app/PkgInfo ... 
2026-08-14 05:14:59 +0000  8 bytes for ./Payload/RadioLuzia.app/PkgInfo
2026-08-14 05:14:59 +0000  copying file ./Symbols/ECF3456F-9D24-3F5B-B903-5D61DC71A89A.symbols ... 
2026-08-14 05:14:59 +0000  1394156 bytes for ./Symbols/ECF3456F-9D24-3F5B-B903-5D61DC71A89A.symbols
2026-08-14 05:14:59 +0000 [MT] /usr/bin/ditto exited with 0
2026-08-14 05:14:59 +0000 [MT] Processing step: IDEDistributionAppStoreInformationStep
2026-08-14 05:14:59 +0000 [MT] Skipping step: IDEDistributionAppStoreInformationStep because it said so
2026-08-14 05:14:59 +0000 [MT] Processing step: IDEDistributionGenerateProcessedDistributionItems
2026-08-14 05:14:59 +0000 [MT] IDEDistributionItem init <DVTFilePath:0x925e16520:'/var/folders/0d/zg3c_wc11h19ct5y1zmq_8f40000gn/T/XcodeDistPipeline.~~~FA2LN4/Root/Payload/RadioLuzia.app'>
2026-08-14 05:14:59 +0000 [MT] Processing step: IDEDistributionCreateManifestStep
2026-08-14 05:14:59 +0000 [MT] Skipping step: IDEDistributionCreateManifestStep because it said so
