2026-08-14 05:27:17 +0000 [MT] Initial pipeline context: <IDEDistributionProcessingPipelineContext: 0x9ef64c600; archive(resolved)="<IDEArchive: 0x9ef45c150>", distributionTask(resolved)="2", distributionDestination(resolved)="1", distributionMethod(resolved)="<IDEDistributionMethodiOSAppStoreDistribution: 0x9f186f780>", team(resolved)="<IDEProvisioningBasicTeam: 0x9f1db64c0; teamID='DHLAYBVJ2Z', teamName='(null)'>">
	Chain (15, self inclusive):
	<IDEDistributionProcessingPipelineContext: 0x9ef64c600; archive = "<IDEArchive: 0x9ef45c150>", distributionMethod="<IDEDistributionMethodiOSAppStoreDistribution: 0x9f186f780>", team="<IDEProvisioningBasicTeam: 0x9f1db64c0; teamID='DHLAYBVJ2Z', teamName='(null)'>">
	<IDEDistributionProcessingPipelineContext: 0x9ef64c300; archive = "<IDEArchive: 0x9ef45c150>", distributionMethod="<IDEDistributionMethodiOSAppStoreDistribution: 0x9f186f780>", team="<IDEProvisioningBasicTeam: 0x9f1db64c0; teamID='DHLAYBVJ2Z', teamName='(null)'>">
	<IDEDistributionContext: 0x9f1cff200; archive = "<IDEArchive: 0x9ef45c150>", distributionMethod="<IDEDistributionMethodiOSAppStoreDistribution: 0x9f186f780>", team="<IDEProvisioningBasicTeam: 0x9f1db64c0; teamID='DHLAYBVJ2Z', teamName='(null)'>">
	<IDEDistributionContext: 0x9f1cfed00; archive = "<IDEArchive: 0x9ef45c150>", distributionMethod="<IDEDistributionMethodiOSAppStoreDistribution: 0x9f186f780>", team="<IDEProvisioningBasicTeam: 0x9f1db64c0; teamID='DHLAYBVJ2Z', teamName='(null)'>">
	<IDEDistributionContext: 0x9f1cfea80; archive = "<IDEArchive: 0x9ef45c150>", distributionMethod="<IDEDistributionMethodiOSAppStoreDistribution: 0x9f186f780>", team="<IDEProvisioningBasicTeam: 0x9f1db64c0; teamID='DHLAYBVJ2Z', teamName='(null)'>">
	<IDEDistributionContext: 0x9f1cfe800; archive = "<IDEArchive: 0x9ef45c150>", distributionMethod="<IDEDistributionMethodiOSAppStoreDistribution: 0x9f186f780>", team="<IDEProvisioningBasicTeam: 0x9f1db64c0; teamID='DHLAYBVJ2Z', teamName='(null)'>">
	<IDEDistributionContext: 0x9f1cfe580; archive = "<IDEArchive: 0x9ef45c150>", distributionMethod="<IDEDistributionMethodiOSAppStoreDistribution: 0x9f186f780>", team="<IDEProvisioningBasicTeam: 0x9f1db64c0; teamID='DHLAYBVJ2Z', teamName='(null)'>">
	<IDEDistributionContext: 0x9f1cfe300; archive = "<IDEArchive: 0x9ef45c150>", distributionMethod="<IDEDistributionMethodiOSAppStoreDistribution: 0x9f186f780>", team="<IDEProvisioningBasicTeam: 0x9f1db64c0; teamID='DHLAYBVJ2Z', teamName='(null)'>">
	<IDEDistributionContext: 0x9f1cfe080; archive = "<IDEArchive: 0x9ef45c150>", distributionMethod="<IDEDistributionMethodiOSAppStoreDistribution: 0x9f186f780>", team="<IDEProvisioningBasicTeam: 0x9f1db64c0; teamID='DHLAYBVJ2Z', teamName='(null)'>">
	<IDEDistributionContext: 0x9f1cfd180; archive = "<IDEArchive: 0x9ef45c150>", distributionMethod="<IDEDistributionMethodiOSAppStoreDistribution: 0x9f186f780>", team="<IDEProvisioningBasicTeam: 0x9f1db64c0; teamID='DHLAYBVJ2Z', teamName='(null)'>">
	<IDEDistributionContext: 0x9f1cfcf00; archive = "<IDEArchive: 0x9ef45c150>", distributionMethod="<IDEDistributionMethodiOSAppStoreDistribution: 0x9f186f780>", team="<IDEProvisioningBasicTeam: 0x9f1db64c0; teamID='DHLAYBVJ2Z', teamName='(null)'>">
	<IDEDistributionContext: 0x9f1cfcc80; archive = "<IDEArchive: 0x9ef45c150>", distributionMethod="<IDEDistributionMethodiOSAppStoreDistribution: 0x9f186f780>", team="<IDEProvisioningBasicTeam: 0x9f1db64c0; teamID='DHLAYBVJ2Z', teamName='(null)'>">
	<IDEDistributionContext: 0x9f1cfca00; archive = "<IDEArchive: 0x9ef45c150>", distributionMethod="<IDEDistributionMethodiOSAppStoreDistribution: 0x9f186f780>", team="(null)">
	<IDEDistributionContext: 0x9f1cfc000; archive = "<IDEArchive: 0x9ef45c150>", distributionMethod="<IDEDistributionMethodiOSAppStoreDistribution: 0x9f186f780>", team="(null)">
	<IDEDistributionContext: 0x104bded20; archive = "<IDEArchive: 0x9ef45c150>", distributionMethod="(null)", team="(null)">
</IDEDistributionProcessingPipelineContext: 0x9ef64c600>
2026-08-14 05:27:17 +0000 [MT] Processing step: IDEDistributionCreateDestRootStep
2026-08-14 05:27:17 +0000 [MT] Processing step: IDEDistributionCopyItemStep
2026-08-14 05:27:17 +0000 [MT] Running /usr/bin/ditto '-V' '/Users/jose/Progrmação e Apps/GitHub/radio_luzia/AppStore/Archive/RadioSantaLuzia-1.0-2.xcarchive/Products/Applications/RadioLuzia.app' '/var/folders/0d/zg3c_wc11h19ct5y1zmq_8f40000gn/T/XcodeDistPipeline.~~~BZYZFL/Root/Payload/RadioLuzia.app'
2026-08-14 05:27:17 +0000  >>> Copying /Users/jose/Progrmação e Apps/GitHub/radio_luzia/AppStore/Archive/RadioSantaLuzia-1.0-2.xcarchive/Products/Applications/RadioLuzia.app 
2026-08-14 05:27:17 +0000  copying file ./_CodeSignature/CodeResources ... 
2026-08-14 05:27:17 +0000  3003 bytes for ./_CodeSignature/CodeResources
2026-08-14 05:27:17 +0000  copying file ./AppIcon60x60@2x.png ... 
2026-08-14 05:27:17 +0000  40498 bytes for ./AppIcon60x60@2x.png
2026-08-14 05:27:17 +0000  copying file ./RadioLuzia ... 
2026-08-14 05:27:17 +0000  592608 bytes for ./RadioLuzia
2026-08-14 05:27:17 +0000  copying file ./Assets.car ... 
2026-08-14 05:27:17 +0000  8331912 bytes for ./Assets.car
2026-08-14 05:27:17 +0000  copying file ./AppIcon76x76@2x~ipad.png ... 
62812 bytes for ./AppIcon76x76@2x~ipad.png
copying file ./PrivacyInfo.xcprivacy ... 
2026-08-14 05:27:17 +0000  598 bytes for ./PrivacyInfo.xcprivacy
2026-08-14 05:27:17 +0000  copying file ./embedded.mobileprovision ... 
2026-08-14 05:27:17 +0000  12295 bytes for ./embedded.mobileprovision
2026-08-14 05:27:17 +0000  copying file ./Info.plist ... 
2026-08-14 05:27:17 +0000  1609 bytes for ./Info.plist
2026-08-14 05:27:17 +0000  copying file ./PkgInfo ... 
2026-08-14 05:27:17 +0000  8 bytes for ./PkgInfo
2026-08-14 05:27:17 +0000 [MT] /usr/bin/ditto exited with 0
2026-08-14 05:27:17 +0000 [MT] Processing step: IDEDistributionEmbedProfileStep
2026-08-14 05:27:17 +0000 [MT] Processing step: IDEDistributionInfoPlistStep
2026-08-14 05:27:17 +0000 [MT] Skipping setting DTXcodeBuildDistribution because toolsBuildVersionName was nil.
2026-08-14 05:27:17 +0000 [MT] Processing step: IDEDistributionItemRemovalStep
2026-08-14 05:27:17 +0000 [MT] Processing step: IDEDistributionAppThinningPlistStep
2026-08-14 05:27:17 +0000 [MT] Skipping step: IDEDistributionAppThinningPlistStep because it said so
2026-08-14 05:27:17 +0000 [MT] Processing step: IDEDistributionSymbolsStep
2026-08-14 05:27:17 +0000 [MT] Writing /var/folders/0d/zg3c_wc11h19ct5y1zmq_8f40000gn/T/XcodeDistPipeline.~~~BZYZFL/Symbols/FEC18C3F-ADF7-365E-9C22-6C9BB9D68AA3.symbols
2026-08-14 05:27:17 +0000 [MT] Processing step: IDEDistributionCopyAppleProvidedContentStep
2026-08-14 05:27:17 +0000 [MT] Processing step: IDEDistributionAppThinningStep
2026-08-14 05:27:17 +0000 [MT] Skipping step: IDEDistributionAppThinningStep because it said so
2026-08-14 05:27:17 +0000 [MT] Processing step: IDEDistributionArchThinningStep
2026-08-14 05:27:17 +0000 [MT] Archs to thin for item /Users/jose/Progrmação e Apps/GitHub/radio_luzia/AppStore/Archive/RadioSantaLuzia-1.0-2.xcarchive/Products/Applications/RadioLuzia.app are []
2026-08-14 05:27:17 +0000 [MT] Processing step: IDEDistributionODRStep
2026-08-14 05:27:17 +0000 [MT] Processing step: IDEDistributionStripXattrsStep
2026-08-14 05:27:17 +0000 [MT] Skipping stripping extended attributes because the codesign step will strip them.
2026-08-14 05:27:17 +0000 [MT] Processing step: IDEDistributionCodesignStep
2026-08-14 05:27:17 +0000 [MT] Entitlements for <IDEDistributionItem: 0x9f1c6ff00; bundleID='br.com.cloudbrapp.radioluzia', path='<DVTFilePath:0x9f1c6df80:'/Users/jose/Progrmação e Apps/GitHub/radio_luzia/AppStore/Archive/RadioSantaLuzia-1.0-2.xcarchive/Products/Applications/RadioLuzia.app'>', codeSigningInfo='<_DVTCodeSigningInformation_Path: 0x9f1c6ff60; isSigned='1', isAdHocSigned='0', signingCertificate='<DVTSigningCertificate: 0x9f1a77b40; name='Apple Development: José Maeldon Silva (N3QZ233U8S)', hash='DAECBF75541B9E2867C6C9BB52186E1E98FEC023', serialNumber='380194B8C900A9F2C4BE67310BF1CA7D', certificateKinds='(
    "1.2.840.113635.100.6.1.12",
    "1.2.840.113635.100.6.1.2"
), issueDate='2026-08-07 17:01:49 +0000''>', entitlements='{
    "application-identifier" = "DHLAYBVJ2Z.br.com.cloudbrapp.radioluzia";
    "com.apple.developer.team-identifier" = DHLAYBVJ2Z;
    "get-task-allow" = 1;
}', teamID='DHLAYBVJ2Z', identifier='br.com.cloudbrapp.radioluzia', executablePath='<DVTFilePath:0x9f1c6f4e0:'/Users/jose/Progrmação e Apps/GitHub/radio_luzia/AppStore/Archive/RadioSantaLuzia-1.0-2.xcarchive/Products/Applications/RadioLuzia.app/RadioLuzia'>', hardenedRuntime='0'>'>: {
    "application-identifier" = "DHLAYBVJ2Z.br.com.cloudbrapp.radioluzia";
    "beta-reports-active" = 1;
    "com.apple.developer.team-identifier" = DHLAYBVJ2Z;
    "get-task-allow" = 0;
}
2026-08-14 05:27:17 +0000 [MT] Associated App Clip Identifiers Filter: Skipping because "com.apple.developer.associated-appclip-app-identifiers" is not present
2026-08-14 05:27:17 +0000 [MT] Entitlements for <IDEDistributionItem: 0x9f1c6ff00; bundleID='br.com.cloudbrapp.radioluzia', path='<DVTFilePath:0x9f1c6df80:'/Users/jose/Progrmação e Apps/GitHub/radio_luzia/AppStore/Archive/RadioSantaLuzia-1.0-2.xcarchive/Products/Applications/RadioLuzia.app'>', codeSigningInfo='<_DVTCodeSigningInformation_Path: 0x9f1c6ff60; isSigned='1', isAdHocSigned='0', signingCertificate='<DVTSigningCertificate: 0x9f1a77d80; name='Apple Development: José Maeldon Silva (N3QZ233U8S)', hash='DAECBF75541B9E2867C6C9BB52186E1E98FEC023', serialNumber='380194B8C900A9F2C4BE67310BF1CA7D', certificateKinds='(
    "1.2.840.113635.100.6.1.12",
    "1.2.840.113635.100.6.1.2"
), issueDate='2026-08-07 17:01:49 +0000''>', entitlements='{
    "application-identifier" = "DHLAYBVJ2Z.br.com.cloudbrapp.radioluzia";
    "com.apple.developer.team-identifier" = DHLAYBVJ2Z;
    "get-task-allow" = 1;
}', teamID='DHLAYBVJ2Z', identifier='br.com.cloudbrapp.radioluzia', executablePath='<DVTFilePath:0x9f1c6f4e0:'/Users/jose/Progrmação e Apps/GitHub/radio_luzia/AppStore/Archive/RadioSantaLuzia-1.0-2.xcarchive/Products/Applications/RadioLuzia.app/RadioLuzia'>', hardenedRuntime='0'>'> are: {
    "application-identifier" = "DHLAYBVJ2Z.br.com.cloudbrapp.radioluzia";
    "beta-reports-active" = 1;
    "com.apple.developer.team-identifier" = DHLAYBVJ2Z;
    "get-task-allow" = 0;
}
2026-08-14 05:27:17 +0000 [MT] Writing entitlements for <IDEDistributionItem: 0x9f1c6ff00; bundleID='br.com.cloudbrapp.radioluzia', path='<DVTFilePath:0x9f1c6df80:'/Users/jose/Progrmação e Apps/GitHub/radio_luzia/AppStore/Archive/RadioSantaLuzia-1.0-2.xcarchive/Products/Applications/RadioLuzia.app'>', codeSigningInfo='<_DVTCodeSigningInformation_Path: 0x9f1c6ff60; isSigned='1', isAdHocSigned='0', signingCertificate='<DVTSigningCertificate: 0x9f1a77d80; name='Apple Development: José Maeldon Silva (N3QZ233U8S)', hash='DAECBF75541B9E2867C6C9BB52186E1E98FEC023', serialNumber='380194B8C900A9F2C4BE67310BF1CA7D', certificateKinds='(
    "1.2.840.113635.100.6.1.12",
    "1.2.840.113635.100.6.1.2"
), issueDate='2026-08-07 17:01:49 +0000''>', entitlements='{
    "application-identifier" = "DHLAYBVJ2Z.br.com.cloudbrapp.radioluzia";
    "com.apple.developer.team-identifier" = DHLAYBVJ2Z;
    "get-task-allow" = 1;
}', teamID='DHLAYBVJ2Z', identifier='br.com.cloudbrapp.radioluzia', executablePath='<DVTFilePath:0x9f1c6f4e0:'/Users/jose/Progrmação e Apps/GitHub/radio_luzia/AppStore/Archive/RadioSantaLuzia-1.0-2.xcarchive/Products/Applications/RadioLuzia.app/RadioLuzia'>', hardenedRuntime='0'>'> to: /var/folders/0d/zg3c_wc11h19ct5y1zmq_8f40000gn/T/XcodeDistPipeline.~~~BZYZFL/entitlements~~~R4KMZX
2026-08-14 05:27:17 +0000 [MT] invoking codesign: <NSConcreteTask: 0x9ef7e5680; launchPath='/usr/bin/codesign', arguments='(
    "-f",
    "-s",
    110A9D78927CA4719FA1E9F49426A2596B602210,
    "--entitlements",
    "/var/folders/0d/zg3c_wc11h19ct5y1zmq_8f40000gn/T/XcodeDistPipeline.~~~BZYZFL/entitlements~~~R4KMZX",
    "--preserve-metadata=identifier,flags,runtime,launch-constraints,library-constraints",
    "--generate-entitlement-der",
    "--strip-disallowed-xattrs",
    "-vvv",
    "/var/folders/0d/zg3c_wc11h19ct5y1zmq_8f40000gn/T/XcodeDistPipeline.~~~BZYZFL/Root/Payload/RadioLuzia.app"
)'>
2026-08-14 05:27:17 +0000 [MT] codesign output: /var/folders/0d/zg3c_wc11h19ct5y1zmq_8f40000gn/T/XcodeDistPipeline.~~~BZYZFL/Root/Payload/RadioLuzia.app: replacing existing signature
/var/folders/0d/zg3c_wc11h19ct5y1zmq_8f40000gn/T/XcodeDistPipeline.~~~BZYZFL/Root/Payload/RadioLuzia.app: signed app bundle with Mach-O thin (arm64) [br.com.cloudbrapp.radioluzia]
2026-08-14 05:27:17 +0000 [MT] Processing step: IDEDistributionZipODRItemStep
2026-08-14 05:27:17 +0000 [MT] Skipping step: IDEDistributionZipODRItemStep because it said so
2026-08-14 05:27:17 +0000 [MT] Processing step: IDEDistributionCreateIPAStep
2026-08-14 05:27:17 +0000 [MT] Running /usr/bin/rsync '-8aPhhE' '/var/folders/0d/zg3c_wc11h19ct5y1zmq_8f40000gn/T/XcodeDistPipeline.~~~BZYZFL/Symbols' '--link-dest' '/var/folders/0d/zg3c_wc11h19ct5y1zmq_8f40000gn/T/XcodeDistPipeline.~~~BZYZFL' '/var/folders/0d/zg3c_wc11h19ct5y1zmq_8f40000gn/T/XcodeDistPipeline.~~~BZYZFL/Root'
2026-08-14 05:27:17 +0000  Symbols/
._Symbols
            163 170%    4.10MB/s   00:00:00 (xfer#1, to-check=0/4)
2026-08-14 05:27:17 +0000  Symbols/FEC18C3F-ADF7-365E-9C22-6C9BB9D68AA3.symbols
Symbols/._FEC18C3F-ADF7-365E-9C22-6C9BB9D68AA3.symbols
            163   0%  416.76KB/s   00:00:00 (xfer#2, to-check=2/4)
2026-08-14 05:27:17 +0000 [MT] /usr/bin/rsync exited with 0
2026-08-14 05:27:17 +0000 [MT] Running /usr/bin/ditto '-V' '-c' '-k' '--norsrc' '/var/folders/0d/zg3c_wc11h19ct5y1zmq_8f40000gn/T/XcodeDistPipeline.~~~BZYZFL/Root' '/var/folders/0d/zg3c_wc11h19ct5y1zmq_8f40000gn/T/XcodeDistPipeline.~~~BZYZFL/Packages/RadioLuzia.ipa'
2026-08-14 05:27:17 +0000  >>> Copying /var/folders/0d/zg3c_wc11h19ct5y1zmq_8f40000gn/T/XcodeDistPipeline.~~~BZYZFL/Root 
2026-08-14 05:27:17 +0000  copying file ./Payload/RadioLuzia.app/_CodeSignature/CodeResources ... 
2026-08-14 05:27:17 +0000  3003 bytes for ./Payload/RadioLuzia.app/_CodeSignature/CodeResources
2026-08-14 05:27:17 +0000  copying file ./Payload/RadioLuzia.app/AppIcon60x60@2x.png ... 
2026-08-14 05:27:17 +0000  40498 bytes for ./Payload/RadioLuzia.app/AppIcon60x60@2x.png
2026-08-14 05:27:17 +0000  copying file ./Payload/RadioLuzia.app/RadioLuzia ... 
2026-08-14 05:27:17 +0000  592704 bytes for ./Payload/RadioLuzia.app/RadioLuzia
2026-08-14 05:27:17 +0000  copying file ./Payload/RadioLuzia.app/Assets.car ... 
2026-08-14 05:27:17 +0000  8331912 bytes for ./Payload/RadioLuzia.app/Assets.car
2026-08-14 05:27:17 +0000  copying file ./Payload/RadioLuzia.app/AppIcon76x76@2x~ipad.png ... 
2026-08-14 05:27:17 +0000  62812 bytes for ./Payload/RadioLuzia.app/AppIcon76x76@2x~ipad.png
2026-08-14 05:27:17 +0000  copying file ./Payload/RadioLuzia.app/PrivacyInfo.xcprivacy ... 
598 bytes for ./Payload/RadioLuzia.app/PrivacyInfo.xcprivacy
2026-08-14 05:27:17 +0000  copying file ./Payload/RadioLuzia.app/embedded.mobileprovision ... 
2026-08-14 05:27:17 +0000  15672 bytes for ./Payload/RadioLuzia.app/embedded.mobileprovision
2026-08-14 05:27:17 +0000  copying file ./Payload/RadioLuzia.app/Info.plist ... 
2026-08-14 05:27:17 +0000  1609 bytes for ./Payload/RadioLuzia.app/Info.plist
2026-08-14 05:27:17 +0000  copying file ./Payload/RadioLuzia.app/PkgInfo ... 
8 bytes for ./Payload/RadioLuzia.app/PkgInfo
2026-08-14 05:27:17 +0000  copying file ./Symbols/FEC18C3F-ADF7-365E-9C22-6C9BB9D68AA3.symbols ... 
2026-08-14 05:27:17 +0000  1838236 bytes for ./Symbols/FEC18C3F-ADF7-365E-9C22-6C9BB9D68AA3.symbols
2026-08-14 05:27:17 +0000 [MT] /usr/bin/ditto exited with 0
2026-08-14 05:27:17 +0000 [MT] Processing step: IDEDistributionAppStoreInformationStep
2026-08-14 05:27:17 +0000 [MT] Skipping step: IDEDistributionAppStoreInformationStep because it said so
2026-08-14 05:27:17 +0000 [MT] Processing step: IDEDistributionGenerateProcessedDistributionItems
2026-08-14 05:27:17 +0000 [MT] IDEDistributionItem init <DVTFilePath:0x9f1259380:'/var/folders/0d/zg3c_wc11h19ct5y1zmq_8f40000gn/T/XcodeDistPipeline.~~~BZYZFL/Root/Payload/RadioLuzia.app'>
2026-08-14 05:27:17 +0000 [MT] Processing step: IDEDistributionCreateManifestStep
2026-08-14 05:27:17 +0000 [MT] Skipping step: IDEDistributionCreateManifestStep because it said so
